###############################################################################
#
# IAR ELF Linker V8.40.1.212/W32 for ARM                  14/Dec/2021  02:22:58
# Copyright 2007-2019 IAR Systems AB.
#
#    Output file  =
#        C:\repo\embsys310\final_project_stcube\FinalProject\EWARM\FinalProject\Exe\FinalProject.out
#    Map file     =
#        C:\repo\embsys310\final_project_stcube\FinalProject\EWARM\FinalProject\List\FinalProject.map
#    Command line =
#        -f C:\Users\match\AppData\Local\Temp\EW4894.tmp
#        (C:\repo\embsys310\final_project_stcube\FinalProject\EWARM\FinalProject\Obj\main.o
#        C:\repo\embsys310\final_project_stcube\FinalProject\EWARM\FinalProject\Obj\startup_stm32l475xx.o
#        C:\repo\embsys310\final_project_stcube\FinalProject\EWARM\FinalProject\Obj\stm32l4xx_hal.o
#        C:\repo\embsys310\final_project_stcube\FinalProject\EWARM\FinalProject\Obj\stm32l4xx_hal_cortex.o
#        C:\repo\embsys310\final_project_stcube\FinalProject\EWARM\FinalProject\Obj\stm32l4xx_hal_dma.o
#        C:\repo\embsys310\final_project_stcube\FinalProject\EWARM\FinalProject\Obj\stm32l4xx_hal_dma_ex.o
#        C:\repo\embsys310\final_project_stcube\FinalProject\EWARM\FinalProject\Obj\stm32l4xx_hal_exti.o
#        C:\repo\embsys310\final_project_stcube\FinalProject\EWARM\FinalProject\Obj\stm32l4xx_hal_flash.o
#        C:\repo\embsys310\final_project_stcube\FinalProject\EWARM\FinalProject\Obj\stm32l4xx_hal_flash_ex.o
#        C:\repo\embsys310\final_project_stcube\FinalProject\EWARM\FinalProject\Obj\stm32l4xx_hal_flash_ramfunc.o
#        C:\repo\embsys310\final_project_stcube\FinalProject\EWARM\FinalProject\Obj\stm32l4xx_hal_gpio.o
#        C:\repo\embsys310\final_project_stcube\FinalProject\EWARM\FinalProject\Obj\stm32l4xx_hal_i2c.o
#        C:\repo\embsys310\final_project_stcube\FinalProject\EWARM\FinalProject\Obj\stm32l4xx_hal_i2c_ex.o
#        C:\repo\embsys310\final_project_stcube\FinalProject\EWARM\FinalProject\Obj\stm32l4xx_hal_msp.o
#        C:\repo\embsys310\final_project_stcube\FinalProject\EWARM\FinalProject\Obj\stm32l4xx_hal_pwr.o
#        C:\repo\embsys310\final_project_stcube\FinalProject\EWARM\FinalProject\Obj\stm32l4xx_hal_pwr_ex.o
#        C:\repo\embsys310\final_project_stcube\FinalProject\EWARM\FinalProject\Obj\stm32l4xx_hal_rcc.o
#        C:\repo\embsys310\final_project_stcube\FinalProject\EWARM\FinalProject\Obj\stm32l4xx_hal_rcc_ex.o
#        C:\repo\embsys310\final_project_stcube\FinalProject\EWARM\FinalProject\Obj\stm32l4xx_hal_tim.o
#        C:\repo\embsys310\final_project_stcube\FinalProject\EWARM\FinalProject\Obj\stm32l4xx_hal_tim_ex.o
#        C:\repo\embsys310\final_project_stcube\FinalProject\EWARM\FinalProject\Obj\stm32l4xx_hal_timebase_tim.o
#        C:\repo\embsys310\final_project_stcube\FinalProject\EWARM\FinalProject\Obj\stm32l4xx_it.o
#        C:\repo\embsys310\final_project_stcube\FinalProject\EWARM\FinalProject\Obj\system_stm32l4xx.o
#        --no_out_extension -o
#        C:\repo\embsys310\final_project_stcube\FinalProject\EWARM\FinalProject\Exe\FinalProject.out
#        --redirect _Printf=_PrintfFullNoMb --redirect _Scanf=_ScanfFullNoMb
#        --map
#        C:\repo\embsys310\final_project_stcube\FinalProject\EWARM\FinalProject\List\FinalProject.map
#        --config
#        C:\repo\embsys310\final_project_stcube\FinalProject\EWARM/stm32l475xx_flash.icf
#        --semihosting --entry __iar_program_start --vfe --text_out locale)
#
###############################################################################

*******************************************************************************
*** RUNTIME MODEL ATTRIBUTES
***

CppFlavor       = *
__SystemLibrary = DLib
__dlib_version  = 6


*******************************************************************************
*** HEAP SELECTION
***

The basic heap was selected because some modules are built with
size limitations (and not runtime checking), and --advanced_heap
was not specified.


*******************************************************************************
*** PLACEMENT SUMMARY
***

"A0":  place at address 0x800'0000 { ro section .intvec };
"P1":  place in [from 0x800'0000 to 0x80f'ffff] { ro };
define block CSTACK with size = 1K, alignment = 8 { };
define block HEAP with size = 512, alignment = 8 { };
"P2":  place in [from 0x2000'0000 to 0x2001'7fff] {
          rw, block CSTACK, block HEAP };
"P3":  place in [from 0x2000'0000 to 0x2001'7fff] { };
initialize by copy { rw };

  Section            Kind         Address    Size  Object
  -------            ----         -------    ----  ------
"A0":                                       0x188
  .intvec            ro code   0x800'0000   0x188  startup_stm32l475xx.o [1]
                             - 0x800'0188   0x188

"P1":                                      0x1d94
  .text              ro code   0x800'0188   0x916  stm32l4xx_hal_tim.o [1]
  .text              ro code   0x800'0a9e    0x3a  zero_init3.o [4]
  .text              ro code   0x800'0ad8    0xf0  stm32l4xx_hal_msp.o [1]
  .text              ro code   0x800'0bc8     0x2  stm32l4xx_hal_tim.o [1]
  .text              ro code   0x800'0bca     0x2  stm32l4xx_hal_tim.o [1]
  .text              ro code   0x800'0bcc     0x2  stm32l4xx_hal_tim.o [1]
  .text              ro code   0x800'0bce    0x2e  copy_init3.o [4]
  .text              ro code   0x800'0bfc   0x3b4  main.o [1]
  .text              ro code   0x800'0fb0     0x2  stm32l4xx_hal_tim_ex.o [1]
  .text              ro code   0x800'0fb2     0x2  stm32l4xx_hal_tim_ex.o [1]
  .text              ro code   0x800'0fb4     0x2  stm32l4xx_hal_tim.o [1]
  .text              ro code   0x800'0fb6     0x2  stm32l4xx_hal_tim_ex.o [1]
  .text              ro code   0x800'0fb8     0x2  stm32l4xx_hal_tim.o [1]
  .text              ro code   0x800'0fba    0x14  memset.o [4]
  .text              ro code   0x800'0fd0   0x1f4  stm32l4xx_hal_gpio.o [1]
  .text              ro code   0x800'11c4    0x1e  stm32l4xx_hal.o [1]
  .text              ro code   0x800'11e4    0x9c  stm32l4xx_hal_cortex.o [1]
  .text              ro code   0x800'1280   0x118  stm32l4xx_hal_tim_ex.o [1]
  .text              ro code   0x800'1398    0x28  stm32l4xx_hal.o [1]
  .text              ro code   0x800'13c0    0x84  stm32l4xx_hal_pwr_ex.o [1]
  .text              ro code   0x800'1444   0x714  stm32l4xx_hal_rcc.o [1]
  .text              ro code   0x800'1b58    0x10  stm32l4xx_hal.o [1]
  .text              ro code   0x800'1b68    0x66  ABImemset.o [4]
  .text              ro code   0x800'1bd0    0x78  stm32l4xx_hal_timebase_tim.o [1]
  .text              ro code   0x800'1c48     0xc  stm32l4xx_hal.o [1]
  .text              ro code   0x800'1c54    0x50  system_stm32l4xx.o [1]
  .rodata            const     0x800'1ca4    0x30  system_stm32l4xx.o [1]
  .text              ro code   0x800'1cd4    0x28  data_init.o [4]
  .text              ro code   0x800'1cfc    0x24  stm32l4xx_it.o [1]
  .text              ro code   0x800'1d20    0x22  fpinit_M.o [3]
  .iar.init_table    const     0x800'1d44    0x24  - Linker created -
  .text              ro code   0x800'1d68    0x1e  cmain.o [4]
  .text              ro code   0x800'1d86     0x4  low_level_init.o [2]
  .text              ro code   0x800'1d8a     0x4  exit.o [2]
  .text              ro code   0x800'1d90     0xa  cexit.o [4]
  .text              ro code   0x800'1d9c    0x14  exit.o [5]
  .text              ro code   0x800'1db0    0x10  startup_stm32l475xx.o [1]
  Initializer bytes  const     0x800'1dc0    0x10  <for P2-P3-1>
  .text              ro code   0x800'1dd0     0xc  cstartup_M.o [4]
  .rodata            const     0x800'1ddc     0x8  system_stm32l4xx.o [1]
  .text              ro code   0x800'1de4     0x4  startup_stm32l475xx.o [1]
  .text              ro code   0x800'1de8     0x4  startup_stm32l475xx.o [1]
  .text              ro code   0x800'1dec     0x4  startup_stm32l475xx.o [1]
  .text              ro code   0x800'1df0     0x4  startup_stm32l475xx.o [1]
  .text              ro code   0x800'1df4     0x4  startup_stm32l475xx.o [1]
  .text              ro code   0x800'1df8     0x4  startup_stm32l475xx.o [1]
  .text              ro code   0x800'1dfc     0x4  startup_stm32l475xx.o [1]
  .text              ro code   0x800'1e00     0x4  startup_stm32l475xx.o [1]
  .text              ro code   0x800'1e04     0x4  startup_stm32l475xx.o [1]
  .text              ro code   0x800'1e08     0x4  startup_stm32l475xx.o [1]
  .text              ro code   0x800'1e0c     0x4  startup_stm32l475xx.o [1]
  .text              ro code   0x800'1e10     0x4  startup_stm32l475xx.o [1]
  .text              ro code   0x800'1e14     0x4  startup_stm32l475xx.o [1]
  .text              ro code   0x800'1e18     0x4  startup_stm32l475xx.o [1]
  .text              ro code   0x800'1e1c     0x4  startup_stm32l475xx.o [1]
  .text              ro code   0x800'1e20     0x4  startup_stm32l475xx.o [1]
  .text              ro code   0x800'1e24     0x4  startup_stm32l475xx.o [1]
  .text              ro code   0x800'1e28     0x4  startup_stm32l475xx.o [1]
  .text              ro code   0x800'1e2c     0x4  startup_stm32l475xx.o [1]
  .text              ro code   0x800'1e30     0x4  startup_stm32l475xx.o [1]
  .text              ro code   0x800'1e34     0x4  startup_stm32l475xx.o [1]
  .text              ro code   0x800'1e38     0x4  startup_stm32l475xx.o [1]
  .text              ro code   0x800'1e3c     0x4  startup_stm32l475xx.o [1]
  .text              ro code   0x800'1e40     0x4  startup_stm32l475xx.o [1]
  .text              ro code   0x800'1e44     0x4  startup_stm32l475xx.o [1]
  .text              ro code   0x800'1e48     0x4  startup_stm32l475xx.o [1]
  .text              ro code   0x800'1e4c     0x4  startup_stm32l475xx.o [1]
  .text              ro code   0x800'1e50     0x4  startup_stm32l475xx.o [1]
  .text              ro code   0x800'1e54     0x4  startup_stm32l475xx.o [1]
  .text              ro code   0x800'1e58     0x4  startup_stm32l475xx.o [1]
  .text              ro code   0x800'1e5c     0x4  startup_stm32l475xx.o [1]
  .text              ro code   0x800'1e60     0x4  startup_stm32l475xx.o [1]
  .text              ro code   0x800'1e64     0x4  startup_stm32l475xx.o [1]
  .text              ro code   0x800'1e68     0x4  startup_stm32l475xx.o [1]
  .text              ro code   0x800'1e6c     0x4  startup_stm32l475xx.o [1]
  .text              ro code   0x800'1e70     0x4  startup_stm32l475xx.o [1]
  .text              ro code   0x800'1e74     0x4  startup_stm32l475xx.o [1]
  .text              ro code   0x800'1e78     0x4  startup_stm32l475xx.o [1]
  .text              ro code   0x800'1e7c     0x4  startup_stm32l475xx.o [1]
  .text              ro code   0x800'1e80     0x4  startup_stm32l475xx.o [1]
  .text              ro code   0x800'1e84     0x4  startup_stm32l475xx.o [1]
  .text              ro code   0x800'1e88     0x4  startup_stm32l475xx.o [1]
  .text              ro code   0x800'1e8c     0x4  startup_stm32l475xx.o [1]
  .text              ro code   0x800'1e90     0x4  startup_stm32l475xx.o [1]
  .text              ro code   0x800'1e94     0x4  startup_stm32l475xx.o [1]
  .text              ro code   0x800'1e98     0x4  startup_stm32l475xx.o [1]
  .text              ro code   0x800'1e9c     0x4  startup_stm32l475xx.o [1]
  .text              ro code   0x800'1ea0     0x4  startup_stm32l475xx.o [1]
  .text              ro code   0x800'1ea4     0x4  startup_stm32l475xx.o [1]
  .text              ro code   0x800'1ea8     0x4  startup_stm32l475xx.o [1]
  .text              ro code   0x800'1eac     0x4  startup_stm32l475xx.o [1]
  .text              ro code   0x800'1eb0     0x4  startup_stm32l475xx.o [1]
  .text              ro code   0x800'1eb4     0x4  startup_stm32l475xx.o [1]
  .text              ro code   0x800'1eb8     0x4  startup_stm32l475xx.o [1]
  .text              ro code   0x800'1ebc     0x4  startup_stm32l475xx.o [1]
  .text              ro code   0x800'1ec0     0x4  startup_stm32l475xx.o [1]
  .text              ro code   0x800'1ec4     0x4  startup_stm32l475xx.o [1]
  .text              ro code   0x800'1ec8     0x4  startup_stm32l475xx.o [1]
  .text              ro code   0x800'1ecc     0x4  startup_stm32l475xx.o [1]
  .text              ro code   0x800'1ed0     0x4  startup_stm32l475xx.o [1]
  .text              ro code   0x800'1ed4     0x4  startup_stm32l475xx.o [1]
  .text              ro code   0x800'1ed8     0x4  startup_stm32l475xx.o [1]
  .text              ro code   0x800'1edc     0x4  startup_stm32l475xx.o [1]
  .text              ro code   0x800'1ee0     0x4  startup_stm32l475xx.o [1]
  .text              ro code   0x800'1ee4     0x4  startup_stm32l475xx.o [1]
  .text              ro code   0x800'1ee8     0x4  startup_stm32l475xx.o [1]
  .text              ro code   0x800'1eec     0x4  startup_stm32l475xx.o [1]
  .text              ro code   0x800'1ef0     0x4  startup_stm32l475xx.o [1]
  .text              ro code   0x800'1ef4     0x4  startup_stm32l475xx.o [1]
  .text              ro code   0x800'1ef8     0x4  startup_stm32l475xx.o [1]
  .text              ro code   0x800'1efc     0x4  startup_stm32l475xx.o [1]
  .text              ro code   0x800'1f00     0x4  startup_stm32l475xx.o [1]
  .text              ro code   0x800'1f04     0x4  startup_stm32l475xx.o [1]
  .text              ro code   0x800'1f08     0x4  startup_stm32l475xx.o [1]
  .text              ro code   0x800'1f0c     0x4  startup_stm32l475xx.o [1]
  .text              ro code   0x800'1f10     0x4  startup_stm32l475xx.o [1]
  .text              ro code   0x800'1f14     0x4  startup_stm32l475xx.o [1]
  .text              ro code   0x800'1f18     0x4  startup_stm32l475xx.o [1]
  .rodata            const     0x800'1f1c     0x0  zero_init3.o [4]
  .rodata            const     0x800'1f1c     0x0  copy_init3.o [4]
                             - 0x800'1f1c  0x1d94

"P2-P3", part 1 of 3:                        0x10
  P2-P3-1                     0x2000'0000    0x10  <Init block>
    .data            inited   0x2000'0000     0xc  stm32l4xx_hal.o [1]
    .data            inited   0x2000'000c     0x4  system_stm32l4xx.o [1]
                            - 0x2000'0010    0x10

"P2-P3", part 2 of 3:                        0xe8
  .bss               zero     0x2000'0010    0x50  main.o [1]
  .bss               zero     0x2000'0060    0x4c  main.o [1]
  .bss               zero     0x2000'00ac    0x4c  stm32l4xx_hal_timebase_tim.o [1]
                            - 0x2000'00f8    0xe8

"P2-P3", part 3 of 3:                       0x400
  CSTACK                      0x2000'00f8   0x400  <Block>
    CSTACK           uninit   0x2000'00f8   0x400  <Block tail>
                            - 0x2000'04f8   0x400

Unused ranges:

         From           To      Size
         ----           --      ----
   0x800'1f1c   0x80f'ffff  0xf'e0e4
  0x2000'04f8  0x2001'7fff  0x1'7b08


*******************************************************************************
*** INIT TABLE
***

          Address      Size
          -------      ----
Zero (__iar_zero_init3)
    1 destination range, total size 0xe8:
          0x2000'0010  0xe8

Copy (__iar_copy_init3)
    1 source range, total size 0x10:
           0x800'1dc0  0x10
    1 destination range, total size 0x10:
          0x2000'0000  0x10



*******************************************************************************
*** MODULE SUMMARY
***

    Module                        ro code  ro data  rw data
    ------                        -------  -------  -------
command line/config:
    -------------------------------------------------------
    Total:

C:\repo\embsys310\final_project_stcube\FinalProject\EWARM\FinalProject\Obj: [1]
    main.o                            948               156
    startup_stm32l475xx.o             720
    stm32l4xx_hal.o                    98       12       12
    stm32l4xx_hal_cortex.o            156
    stm32l4xx_hal_gpio.o              500
    stm32l4xx_hal_msp.o               240
    stm32l4xx_hal_pwr_ex.o            132
    stm32l4xx_hal_rcc.o             1'812
    stm32l4xx_hal_tim.o             2'336
    stm32l4xx_hal_tim_ex.o            286
    stm32l4xx_hal_timebase_tim.o      120                76
    stm32l4xx_it.o                     36
    system_stm32l4xx.o                 80       60        4
    -------------------------------------------------------
    Total:                          7'464       72      248

dl7M_tln.a: [2]
    exit.o                              4
    low_level_init.o                    4
    -------------------------------------------------------
    Total:                              8

m7M_tls.a: [3]
    fpinit_M.o                         34
    -------------------------------------------------------
    Total:                             34

rt7M_tl.a: [4]
    ABImemset.o                       102
    cexit.o                            10
    cmain.o                            30
    copy_init3.o                       46
    cstartup_M.o                       12
    data_init.o                        40
    memset.o                           20
    zero_init3.o                       58
    -------------------------------------------------------
    Total:                            318

shb_l.a: [5]
    exit.o                             20
    -------------------------------------------------------
    Total:                             20

    Gaps                               10        2
    Linker created                              36    1'024
-----------------------------------------------------------
    Grand Total:                    7'854      110    1'272


*******************************************************************************
*** ENTRY LIST
***

Entry                       Address   Size  Type      Object
-----                       -------   ----  ----      ------
.iar.init_table$$Base    0x800'1d44          --   Gb  - Linker created -
.iar.init_table$$Limit   0x800'1d68          --   Gb  - Linker created -
?main                    0x800'1d69         Code  Gb  cmain.o [4]
AHBPrescTable            0x800'1c94   0x10  Data  Gb  system_stm32l4xx.o [1]
APBPrescTable            0x800'1ddc    0x8  Data  Gb  system_stm32l4xx.o [1]
BusFault_Handler         0x800'1d03    0x2  Code  Gb  stm32l4xx_it.o [1]
CSTACK$$Base            0x2000'00f8          --   Gb  - Linker created -
CSTACK$$Limit           0x2000'04f8          --   Gb  - Linker created -
DebugMon_Handler         0x800'1d09    0x2  Code  Gb  stm32l4xx_it.o [1]
EXTI15_10_IRQHandler     0x800'1d19    0x8  Code  Gb  stm32l4xx_it.o [1]
Error_Handler            0x800'0fad    0x4  Code  Gb  main.o [1]
HAL_Delay                0x800'1399   0x28  Code  Wk  stm32l4xx_hal.o [1]
HAL_GPIO_EXTI_Callback   0x800'0f21   0x14  Code  Gb  main.o [1]
HAL_GPIO_EXTI_IRQHandler
                         0x800'118d   0x10  Code  Gb  stm32l4xx_hal_gpio.o [1]
HAL_GPIO_Init            0x800'0fd1  0x1bc  Code  Gb  stm32l4xx_hal_gpio.o [1]
HAL_GetTick              0x800'1c49    0xc  Code  Wk  stm32l4xx_hal.o [1]
HAL_IncTick              0x800'1b59   0x10  Code  Wk  stm32l4xx_hal.o [1]
HAL_Init                 0x800'11c5   0x1e  Code  Gb  stm32l4xx_hal.o [1]
HAL_InitTick             0x800'1bd1   0x66  Code  Gb  stm32l4xx_hal_timebase_tim.o [1]
HAL_MspInit              0x800'0ad9   0x2c  Code  Gb  stm32l4xx_hal_msp.o [1]
HAL_NVIC_EnableIRQ       0x800'1255   0x16  Code  Gb  stm32l4xx_hal_cortex.o [1]
HAL_NVIC_SetPriority     0x800'1219   0x3a  Code  Gb  stm32l4xx_hal_cortex.o [1]
HAL_NVIC_SetPriorityGrouping
                         0x800'11ff   0x1a  Code  Gb  stm32l4xx_hal_cortex.o [1]
HAL_PWREx_ControlVoltageScaling
                         0x800'13cd   0x5c  Code  Gb  stm32l4xx_hal_pwr_ex.o [1]
HAL_PWREx_GetVoltageRange
                         0x800'13c1    0xc  Code  Gb  stm32l4xx_hal_pwr_ex.o [1]
HAL_RCC_ClockConfig      0x800'18af  0x100  Code  Gb  stm32l4xx_hal_rcc.o [1]
HAL_RCC_GetClockConfig   0x800'1a6d   0x36  Code  Gb  stm32l4xx_hal_rcc.o [1]
HAL_RCC_GetPCLK2Freq     0x800'1a55    0xe  Code  Gb  stm32l4xx_hal_rcc.o [1]
HAL_RCC_GetSysClockFreq
                         0x800'19c3   0x92  Code  Gb  stm32l4xx_hal_rcc.o [1]
HAL_RCC_OscConfig        0x800'1445  0x43e  Code  Gb  stm32l4xx_hal_rcc.o [1]
HAL_TIMEx_Break2Callback
                         0x800'0fb3    0x2  Code  Wk  stm32l4xx_hal_tim_ex.o [1]
HAL_TIMEx_BreakCallback
                         0x800'0fb1    0x2  Code  Wk  stm32l4xx_hal_tim_ex.o [1]
HAL_TIMEx_CommutCallback
                         0x800'0fb7    0x2  Code  Wk  stm32l4xx_hal_tim_ex.o [1]
HAL_TIMEx_ConfigBreakDeadTime
                         0x800'12fb   0x84  Code  Gb  stm32l4xx_hal_tim_ex.o [1]
HAL_TIMEx_MasterConfigSynchronization
                         0x800'1281   0x7a  Code  Gb  stm32l4xx_hal_tim_ex.o [1]
HAL_TIM_Base_Init        0x800'0189   0x1a  Code  Gb  stm32l4xx_hal_tim.o [1]
HAL_TIM_Base_MspInit     0x800'0b05   0x3a  Code  Gb  stm32l4xx_hal_msp.o [1]
HAL_TIM_Base_Start_IT    0x800'01a3   0x7a  Code  Gb  stm32l4xx_hal_tim.o [1]
HAL_TIM_ConfigClockSource
                         0x800'061d   0x90  Code  Gb  stm32l4xx_hal_tim.o [1]
HAL_TIM_IRQHandler       0x800'03ad  0x15c  Code  Gb  stm32l4xx_hal_tim.o [1]
HAL_TIM_MspPostInit      0x800'0b3f   0x6e  Code  Gb  stm32l4xx_hal_msp.o [1]
HAL_TIM_PWM_ConfigChannel
                         0x800'050f  0x102  Code  Gb  stm32l4xx_hal_tim.o [1]
HAL_TIM_PWM_Init         0x800'0247   0x1a  Code  Gb  stm32l4xx_hal_tim.o [1]
HAL_TIM_PWM_Start        0x800'0261   0xc8  Code  Gb  stm32l4xx_hal_tim.o [1]
HAL_TIM_PeriodElapsedCallback
                         0x800'0f83    0xe  Code  Gb  main.o [1]
HardFault_Handler        0x800'1cff    0x2  Code  Gb  stm32l4xx_it.o [1]
MSIRangeTable            0x800'1ca4   0x30  Data  Gb  system_stm32l4xx.o [1]
MemManage_Handler        0x800'1d01    0x2  Code  Gb  stm32l4xx_it.o [1]
NMI_Handler              0x800'1cfd    0x2  Code  Gb  stm32l4xx_it.o [1]
PendSV_Handler           0x800'1d0b    0x2  Code  Gb  stm32l4xx_it.o [1]
RCC_SetFlashLatencyFromMSIRange
                         0x800'1aa3   0x74  Code  Lc  stm32l4xx_hal_rcc.o [1]
Region$$Table$$Base      0x800'1d44          --   Gb  - Linker created -
Region$$Table$$Limit     0x800'1d68          --   Gb  - Linker created -
SVC_Handler              0x800'1d07    0x2  Code  Gb  stm32l4xx_it.o [1]
SysTick_Handler          0x800'1d0d    0x2  Code  Gb  stm32l4xx_it.o [1]
SystemClock_Config       0x800'0ebf   0x62  Code  Gb  main.o [1]
SystemCoreClock         0x2000'000c    0x4  Data  Gb  system_stm32l4xx.o [1]
SystemInit               0x800'1c55   0x34  Code  Gb  system_stm32l4xx.o [1]
TIM1_TRG_COM_TIM17_IRQHandler
                         0x800'1d0f    0x6  Code  Gb  stm32l4xx_it.o [1]
TIM_Base_SetConfig       0x800'06d9   0xac  Code  Gb  stm32l4xx_hal_tim.o [1]
TIM_CCxChannelCmd        0x800'0a83   0x16  Code  Gb  stm32l4xx_hal_tim.o [1]
TIM_ETR_SetConfig        0x800'0a6f   0x14  Code  Gb  stm32l4xx_hal_tim.o [1]
TIM_ITRx_SetConfig       0x800'0a5f   0x10  Code  Lc  stm32l4xx_hal_tim.o [1]
TIM_OC1_SetConfig        0x800'0785   0x82  Code  Lc  stm32l4xx_hal_tim.o [1]
TIM_OC2_SetConfig        0x800'0807   0x72  Code  Gb  stm32l4xx_hal_tim.o [1]
TIM_OC3_SetConfig        0x800'0879   0x70  Code  Lc  stm32l4xx_hal_tim.o [1]
TIM_OC4_SetConfig        0x800'08e9   0x4e  Code  Lc  stm32l4xx_hal_tim.o [1]
TIM_OC5_SetConfig        0x800'0937   0x54  Code  Lc  stm32l4xx_hal_tim.o [1]
TIM_OC6_SetConfig        0x800'098b   0x4e  Code  Lc  stm32l4xx_hal_tim.o [1]
TIM_TI1_ConfigInputStage
                         0x800'0a1d   0x1e  Code  Lc  stm32l4xx_hal_tim.o [1]
TIM_TI2_ConfigInputStage
                         0x800'0a3b   0x24  Code  Lc  stm32l4xx_hal_tim.o [1]
UsageFault_Handler       0x800'1d05    0x2  Code  Gb  stm32l4xx_it.o [1]
__NVIC_SetPriority       0x800'11e5   0x1a  Code  Lc  stm32l4xx_hal_cortex.o [1]
__aeabi_memset           0x800'1b69         Code  Gb  ABImemset.o [4]
__cmain                  0x800'1d69         Code  Gb  cmain.o [4]
__exit                   0x800'1d9d   0x14  Code  Gb  exit.o [5]
__iar_Memset             0x800'1b69         Code  Gb  ABImemset.o [4]
__iar_Memset_word        0x800'1b71         Code  Gb  ABImemset.o [4]
__iar_copy_init3         0x800'0bcf   0x2e  Code  Gb  copy_init3.o [4]
__iar_data_init3         0x800'1cd5   0x28  Code  Gb  data_init.o [4]
__iar_init_vfp           0x800'1d21         Code  Gb  fpinit_M.o [3]
__iar_program_start      0x800'1dd1         Code  Gb  cstartup_M.o [4]
__iar_zero_init3         0x800'0a9f   0x3a  Code  Gb  zero_init3.o [4]
__low_level_init         0x800'1d87    0x4  Code  Gb  low_level_init.o [2]
__vector_table           0x800'0000         Data  Gb  startup_stm32l475xx.o [1]
_call_main               0x800'1d75         Code  Gb  cmain.o [4]
_exit                    0x800'1d91         Code  Gb  cexit.o [4]
_main                    0x800'1d83         Code  Gb  cmain.o [4]
exit                     0x800'1d8b    0x4  Code  Gb  exit.o [2]
htim15                  0x2000'0060   0x4c  Data  Gb  main.o [1]
htim17                  0x2000'00ac   0x4c  Data  Gb  stm32l4xx_hal_timebase_tim.o [1]
htim2                   0x2000'0014   0x4c  Data  Gb  main.o [1]
main                     0x800'0bfd  0x2a4  Code  Gb  main.o [1]
memset                   0x800'0fbb   0x14  Code  Gb  memset.o [4]
state                   0x2000'0010    0x2  Data  Gb  main.o [1]
user_pwm_setvalue_LED1   0x800'0f35   0x20  Code  Gb  main.o [1]
user_pwm_setvalue_LED2   0x800'0f55   0x26  Code  Gb  main.o [1]
uwTick                  0x2000'0004    0x4  Data  Gb  stm32l4xx_hal.o [1]
uwTickFreq              0x2000'0000    0x1  Data  Gb  stm32l4xx_hal.o [1]
uwTickPrio              0x2000'0008    0x4  Data  Gb  stm32l4xx_hal.o [1]


[1] = C:\repo\embsys310\final_project_stcube\FinalProject\EWARM\FinalProject\Obj
[2] = dl7M_tln.a
[3] = m7M_tls.a
[4] = rt7M_tl.a
[5] = shb_l.a

  7'854 bytes of readonly  code memory
    110 bytes of readonly  data memory
  1'272 bytes of readwrite data memory

Errors: none
Warnings: none
