###############################################################################
#
# IAR ELF Linker V8.40.1.212/W32 for ARM                  14/Nov/2021  23:57:09
# Copyright 2007-2019 IAR Systems AB.
#
#    Output file  =  C:\repo\embsys310\embsys310\Debug\Exe\Assignment 3.out
#    Map file     =  C:\repo\embsys310\embsys310\Debug\List\Assignment 3.map
#    Command line =
#        -f C:\Users\match\AppData\Local\Temp\EWB6A0.tmp
#        (C:\repo\embsys310\embsys310\Debug\Obj\LED.o
#        C:\repo\embsys310\embsys310\Debug\Obj\main.o
#        C:\repo\embsys310\embsys310\Debug\Obj\morse.o --no_out_extension -o
#        "C:\repo\embsys310\embsys310\Debug\Exe\Assignment 3.out" --redirect
#        _Printf=_PrintfFullNoMb --redirect _Scanf=_ScanfFullNoMb --map
#        "C:\repo\embsys310\embsys310\Debug\List\Assignment 3.map" --config
#        "C:\Program Files (x86)\IAR Systems\Embedded Workbench
#        8.3\arm\config\linker\ST\stm32l475xG.icf" --semihosting --entry
#        __iar_program_start --vfe --text_out locale)
#
###############################################################################

*******************************************************************************
*** RUNTIME MODEL ATTRIBUTES
***

CppFlavor       = *
__SystemLibrary = DLib
__dlib_version  = 6


*******************************************************************************
*** HEAP SELECTION
***

The basic heap was selected because some modules are built with
size limitations (and not runtime checking), and --advanced_heap
was not specified.


*******************************************************************************
*** PLACEMENT SUMMARY
***

"A0":  place at address 0x800'0000 { ro section .intvec };
"P1":  place in [from 0x0 to 0x0] |
                [from 0x800'0000 to 0x80f'ffff] { ro };
define block CSTACK with size = 8K, alignment = 8 { };
define block PROC_STACK with size = 0, alignment = 8 { };
define block HEAP with size = 8K, alignment = 8 { };
"P3":  place in [from 0x2000'0000 to 0x2001'7fff] {
          rw, block CSTACK, block PROC_STACK, block HEAP };
initialize by copy { rw };

No sections matched the following patterns:

  ro section application_specific_ro  in "P2|P5"
  rw section application_specific_rw  in "P2|P5"
  section .textrw                     in "P4"


  Section            Kind         Address    Size  Object
  -------            ----         -------    ----  ------
"A0":                                        0x40
  .intvec            ro code   0x800'0000    0x40  vector_table_M.o [4]
                             - 0x800'0040    0x40

"P1":                                       0x508
  .text              ro code   0x800'0040   0x38c  morse.o [1]
  .text              ro code   0x800'03cc    0x36  strlen.o [4]
  .text              ro code   0x800'0402    0x2e  copy_init3.o [4]
  .text              ro code   0x800'0430    0x40  LED.o [1]
  .text              ro code   0x800'0470    0x28  data_init.o [4]
  .text              ro code   0x800'0498    0x22  fpinit_M.o [3]
  .iar.init_table    const     0x800'04bc    0x14  - Linker created -
  .text              ro code   0x800'04d0     0x2  vector_table_M.o [4]
  .text              ro code   0x800'04d4    0x1e  cmain.o [4]
  .text              ro code   0x800'04f2     0x4  low_level_init.o [2]
  .text              ro code   0x800'04f8    0x18  main.o [1]
  .text              ro code   0x800'0510     0x4  exit.o [2]
  .text              ro code   0x800'0514     0xa  cexit.o [4]
  .text              ro code   0x800'0520    0x14  exit.o [5]
  .text              ro code   0x800'0534     0xc  cstartup_M.o [4]
  .rodata            const     0x800'0540     0x0  copy_init3.o [4]
  Initializer bytes  const     0x800'0540     0x8  <for P3 s0>
                             - 0x800'0548   0x508

"P3", part 1 of 2:                            0x8
  P3 s0                       0x2000'0000     0x8  <Init block>
    .data            inited   0x2000'0000     0x8  main.o [1]
                            - 0x2000'0008     0x8

"P3", part 2 of 2:                         0x2000
  CSTACK                      0x2000'0008  0x2000  <Block>
    CSTACK           uninit   0x2000'0008  0x2000  <Block tail>
                            - 0x2000'2008  0x2000

Unused ranges:

         From           To      Size
         ----           --      ----
          0x0          0x0       0x1
   0x800'0548   0x80f'ffff  0xf'fab8
  0x2000'2008  0x2001'7fff  0x1'5ff8


*******************************************************************************
*** INIT TABLE
***

          Address      Size
          -------      ----
Copy (__iar_copy_init3)
    1 source range, total size 0x8:
           0x800'0540   0x8
    1 destination range, total size 0x8:
          0x2000'0000   0x8



*******************************************************************************
*** MODULE SUMMARY
***

    Module            ro code  ro data  rw data
    ------            -------  -------  -------
command line/config:
    -------------------------------------------
    Total:

C:\repo\embsys310\embsys310\Debug\Obj: [1]
    LED.o                  64
    main.o                 24        8        8
    morse.o               908
    -------------------------------------------
    Total:                996        8        8

dl7M_tln.a: [2]
    exit.o                  4
    low_level_init.o        4
    -------------------------------------------
    Total:                  8

m7M_tls.a: [3]
    fpinit_M.o             34
    -------------------------------------------
    Total:                 34

rt7M_tl.a: [4]
    cexit.o                10
    cmain.o                30
    copy_init3.o           46
    cstartup_M.o           12
    data_init.o            40
    strlen.o               54
    vector_table_M.o       66
    -------------------------------------------
    Total:                258

shb_l.a: [5]
    exit.o                 20
    -------------------------------------------
    Total:                 20

    Gaps                    6        2
    Linker created                  20    8'192
-----------------------------------------------
    Grand Total:        1'322       30    8'200


*******************************************************************************
*** ENTRY LIST
***

Entry                       Address   Size  Type      Object
-----                       -------   ----  ----      ------
.iar.init_table$$Base    0x800'04bc          --   Gb  - Linker created -
.iar.init_table$$Limit   0x800'04d0          --   Gb  - Linker created -
?main                    0x800'04d5         Code  Gb  cmain.o [4]
CSTACK$$Base            0x2000'0008          --   Gb  - Linker created -
CSTACK$$Limit           0x2000'2008          --   Gb  - Linker created -
Region$$Table$$Base      0x800'04bc          --   Gb  - Linker created -
Region$$Table$$Limit     0x800'04d0          --   Gb  - Linker created -
__cmain                  0x800'04d5         Code  Gb  cmain.o [4]
__exit                   0x800'0521   0x14  Code  Gb  exit.o [5]
__iar_copy_init3         0x800'0403   0x2e  Code  Gb  copy_init3.o [4]
__iar_data_init3         0x800'0471   0x28  Code  Gb  data_init.o [4]
__iar_init_vfp           0x800'0499         Code  Gb  fpinit_M.o [3]
__iar_program_start      0x800'0535         Code  Gb  cstartup_M.o [4]
__low_level_init         0x800'04f3    0x4  Code  Gb  low_level_init.o [2]
__vector_table           0x800'0000         Data  Gb  vector_table_M.o [4]
_call_main               0x800'04e1         Code  Gb  cmain.o [4]
_exit                    0x800'0515         Code  Gb  cexit.o [4]
_main                    0x800'04ef         Code  Gb  cmain.o [4]
delay                    0x800'0391    0xe  Code  Gb  morse.o [1]
exit                     0x800'0511    0x4  Code  Gb  exit.o [2]
led_init                 0x800'0431   0x20  Code  Gb  LED.o [1]
led_off                  0x800'045d    0xc  Code  Gb  LED.o [1]
led_on                   0x800'0451    0xc  Code  Gb  LED.o [1]
main                     0x800'04f9   0x18  Code  Gb  main.o [1]
message                 0x2000'0000    0x8  Data  Gb  main.o [1]
morse_code               0x800'0041  0x278  Code  Gb  morse.o [1]
morse_letter             0x800'02b9   0xd8  Code  Gb  morse.o [1]
strlen                   0x800'03cd         Code  Gb  strlen.o [4]


[1] = C:\repo\embsys310\embsys310\Debug\Obj
[2] = dl7M_tln.a
[3] = m7M_tls.a
[4] = rt7M_tl.a
[5] = shb_l.a

  1'322 bytes of readonly  code memory
     30 bytes of readonly  data memory
  8'200 bytes of readwrite data memory

Errors: none
Warnings: none
